// Jest Snapshot v1, https://goo.gl/fbAQLP

exports[`renders correctly with defaults 1`] = `
<View
  style={
    Object {
      "backgroundColor": "#fff",
      "flex": 1,
      "height": 1334,
    }
  }
>
  <Toolbar
    navigation={[MockFunction]}
    showBackButton={true}
    title="Resources"
  />
  <Image
    source="any-asset"
    style={
      Object {
        "height": 200,
        "width": 200,
      }
    }
  />
  <Image
    source="arrow"
    style={
      Object {
        "height": 20,
        "width": 20,
      }
    }
  />
</View>
`;
